[INFO] Scanning for projects...
[INFO] 
[INFO] ----------------------< com.datingapp:dating-app >----------------------
[INFO] Building Dating App 1.0.0
[INFO]   from pom.xml
[INFO] --------------------------------[ jar ]---------------------------------
[INFO] 
[INFO] --- clean:3.2.0:clean (default-clean) @ dating-app ---
[INFO] Deleting C:\Users\tom7s\Desktopp\Claude_Folder_2\Date_Program\target
[INFO] 
[INFO] --- resources:3.3.1:resources (default-resources) @ dating-app ---
[INFO] skip non existing resourceDirectory C:\Users\tom7s\Desktopp\Claude_Folder_2\Date_Program\src\main\resources
[INFO] 
[INFO] --- compiler:3.12.1:compile (default-compile) @ dating-app ---
[INFO] Recompiling the module because of changed source code.
[INFO] Compiling 18 source files with javac [debug target 21] to target\classes
[INFO] -------------------------------------------------------------
[ERROR] COMPILATION ERROR : 
[INFO] -------------------------------------------------------------
[ERROR] /C:/Users/tom7s/Desktopp/Claude_Folder_2/Date_Program/src/main/java/datingapp/Main.java:[206,42] Alternatives in a multi-catch statement cannot be related by subclassing
  Alternative java.lang.NumberFormatException is a subclass of alternative java.lang.IllegalArgumentException
[INFO] 1 error
[INFO] -------------------------------------------------------------
[INFO] ------------------------------------------------------------------------
[INFO] BUILD FAILURE
[INFO] ------------------------------------------------------------------------
[INFO] Total time:  1.905 s
[INFO] Finished at: 2026-01-07T22:14:26+02:00
[INFO] ------------------------------------------------------------------------
[ERROR] Failed to execute goal org.apache.maven.plugins:maven-compiler-plugin:3.12.1:compile (default-compile) on project dating-app: Compilation failure
[ERROR] /C:/Users/tom7s/Desktopp/Claude_Folder_2/Date_Program/src/main/java/datingapp/Main.java:[206,42] Alternatives in a multi-catch statement cannot be related by subclassing
[ERROR]   Alternative java.lang.NumberFormatException is a subclass of alternative java.lang.IllegalArgumentException
[ERROR] 
[ERROR] -> [Help 1]
[ERROR] 
[ERROR] To see the full stack trace of the errors, re-run Maven with the -e switch.
[ERROR] Re-run Maven using the -X switch to enable full debug logging.
[ERROR] 
[ERROR] For more information about the errors and possible solutions, please read the following articles:
[ERROR] [Help 1] http://cwiki.apache.org/confluence/display/MAVEN/MojoFailureException
